
> it-system@0.1.0 build
> next build

  ▲ Next.js 14.2.35
  - Environments: .env.local, .env

   Creating an optimized production build ...
 ✓ Compiled successfully
   Linting and checking validity of types ...

Failed to compile.

./app/(admin)/assets/[departmentId]/page.js
23:6  Warning: React Hook useEffect has a missing dependency: 'fetchDepartmentData'. Either include it or remove the dependency array.  react-hooks/exhaustive-deps

./app/(admin)/assets/page.js
238:91  Error: `"` can be escaped with `&quot;`, `&ldquo;`, `&#34;`, `&rdquo;`.  react/no-unescaped-entities
238:112  Error: `"` can be escaped with `&quot;`, `&ldquo;`, `&#34;`, `&rdquo;`.  react/no-unescaped-entities

./app/(admin)/inventory/category/[category]/page.js
41:6  Warning: React Hook useEffect has a missing dependency: 'fetchData'. Either include it or remove the dependency array.  react-hooks/exhaustive-deps

./app/(admin)/inventory/page.js
165:53  Error: `'` can be escaped with `&apos;`, `&lsquo;`, `&#39;`, `&rsquo;`.  react/no-unescaped-entities

./app/(admin)/vendors/[id]/page.js
31:6  Warning: React Hook useEffect has a missing dependency: 'fetchData'. Either include it or remove the dependency array.  react-hooks/exhaustive-deps

./app/(admin)/vendors/page.js
271:87  Error: `"` can be escaped with `&quot;`, `&ldquo;`, `&#34;`, `&rdquo;`.  react/no-unescaped-entities
271:108  Error: `"` can be escaped with `&quot;`, `&ldquo;`, `&#34;`, `&rdquo;`.  react/no-unescaped-entities

./app/vendor-portal/[token]/page.js
27:37  Warning: React Hook useEffect has a missing dependency: 'fetchData'. Either include it or remove the dependency array.  react-hooks/exhaustive-deps

./components/Header.js
43:6  Warning: React Hook useEffect has a missing dependency: 'fetchNotifs'. Either include it or remove the dependency array.  react-hooks/exhaustive-deps

./components/SubmitTicketModal.js
384:31  Warning: Using `<img>` could result in slower LCP and higher bandwidth. Consider using `<Image />` from `next/image` to automatically optimize images. This may incur additional usage or cost from your provider. See: https://nextjs.org/docs/messages/no-img-element  @next/next/no-img-element

info  - Need to disable some ESLint rules? Learn more here: https://nextjs.org/docs/basic-features/eslint#disabling-rules
